../User/Tasks/Src/user_FreeRTOS_Test.c:91:6:Test_QueueSendTask	32	static
../User/Tasks/Src/user_FreeRTOS_Test.c:118:6:Test_QueueRecvTask	32	static
../User/Tasks/Src/user_FreeRTOS_Test.c:143:6:Test_SemaGiveTask	16	static
../User/Tasks/Src/user_FreeRTOS_Test.c:166:6:Test_SemaTakeTask	24	static
../User/Tasks/Src/user_FreeRTOS_Test.c:188:6:Test_MutexTaskA	24	static
../User/Tasks/Src/user_FreeRTOS_Test.c:209:6:Test_MutexTaskB	24	static
../User/Tasks/Src/user_FreeRTOS_Test.c:240:6:Test_EventSetTask	16	static
../User/Tasks/Src/user_FreeRTOS_Test.c:259:6:Test_EventWaitTask	24	static
../User/Tasks/Src/user_FreeRTOS_Test.c:291:6:Test_PeriodicTimer_Callback	16	static
../User/Tasks/Src/user_FreeRTOS_Test.c:303:6:Test_OneShotTimer_Callback	16	static
../User/Tasks/Src/user_FreeRTOS_Test.c:311:6:FreeRTOS_Test_Init	8	static
