../User/Tasks/Src/user_FreeRTOS_Test.c:103:6:Test_QueueSendTask	32	static
../User/Tasks/Src/user_FreeRTOS_Test.c:130:6:Test_QueueRecvTask	32	static
../User/Tasks/Src/user_FreeRTOS_Test.c:155:6:Test_SemaGiveTask	16	static
../User/Tasks/Src/user_FreeRTOS_Test.c:178:6:Test_SemaTakeTask	24	static
../User/Tasks/Src/user_FreeRTOS_Test.c:200:6:Test_MutexTaskA	24	static
../User/Tasks/Src/user_FreeRTOS_Test.c:221:6:Test_MutexTaskB	24	static
../User/Tasks/Src/user_FreeRTOS_Test.c:252:6:Test_EventSetTask	16	static
../User/Tasks/Src/user_FreeRTOS_Test.c:271:6:Test_EventWaitTask	24	static
../User/Tasks/Src/user_FreeRTOS_Test.c:303:6:Test_PeriodicTimer_Callback	16	static
../User/Tasks/Src/user_FreeRTOS_Test.c:315:6:Test_OneShotTimer_Callback	16	static
../User/Tasks/Src/user_FreeRTOS_Test.c:327:6:Test_CpuStatsTask	528	static
../User/Tasks/Src/user_FreeRTOS_Test.c:355:6:FreeRTOS_Test_Init	8	static
